// Jest Snapshot v1, https://jestjs.io/docs/snapshot-testing

exports[`SectionTitle renders correctly with the provided title 1`] = `
<div>
  <div
    class="MuiBox-root css-58tiu3"
  >
    <h1
      class="MuiTypography-root MuiTypography-h5 css-1h7drvl-MuiTypography-root"
    >
      Test Title
    </h1>
    <div
      class="MuiBox-root css-8mecpk"
    />
  </div>
</div>
`;
