// Jest Snapshot v1, https://jestjs.io/docs/snapshot-testing

exports[`TooltipTotalYears matches snapshot 1`] = `
<div>
  <p>
    If you enter the 
    <strong>
      year started
    </strong>
    , the
     
    <strong>
      total years
    </strong>
     will be calculated for you automatically.
  </p>
  <p>
    If you enter a 
    <strong>
      total years
    </strong>
     value, it will override the calculated value.
  </p>
</div>
`;
